Resolving dependencies...
Downloading packages...
  _fe_analyzer_shared 91.0.0 (92.0.0 available)
  analyzer 8.4.1 (9.0.0 available)
  app_links 6.4.1 (7.0.0 available)
  characters 1.4.0 (1.4.1 available)
  connectivity_plus 6.1.5 (7.0.0 available)
  dotted_border 2.1.0 (3.1.0 available)
  flutter_launcher_icons 0.13.1 (0.14.4 available)
  flutter_lints 5.0.0 (6.0.0 available)
  google_mlkit_commons 0.9.0 (0.11.0 available)
  google_mlkit_face_detection 0.12.0 (0.13.1 available)
  image 4.5.4 (4.7.2 available)
  image_cropper 8.0.2 (11.0.0 available)
  image_cropper_for_web 6.1.0 (7.0.0 available)
  image_cropper_platform_interface 7.2.0 (8.0.0 available)
  lints 5.1.1 (6.0.0 available)
  matcher 0.12.17 (0.12.18 available)
  material_color_utilities 0.11.1 (0.13.0 available)
  package_info_plus 8.3.1 (9.0.0 available)
  permission_handler 11.4.0 (12.0.1 available)
  permission_handler_android 12.1.0 (13.0.1 available)
  test 1.26.3 (1.28.0 available)
  test_api 0.7.7 (0.7.8 available)
  test_core 0.6.12 (0.6.14 available)
Got dependencies!
23 packages have newer versions incompatible with dependency constraints.
Try `flutter pub outdated` for more information.
Running Gradle task 'assembleRelease'...                        
flutter : WARNING: A 
restricted method in 
java.lang.System has 
been called
At line:1 char:1
+ flutter build apk 
--release 2>&1 | 
Out-File -FilePath 
build_output.tx ...
+ ~~~~~~~~~~~~~~~~~~~~
~~~~~~~~~~~~
    + CategoryInfo    
          : 
NotSpecified: (WAR    
NING: A rest...has 
bee    n 
called:String) [], R  
  emoteException
    + 
FullyQualifiedErrorI  
  d : 
NativeCommandError
 
WARNING: java.lang.Sys
tem::load has been 
called by net.rubygrap
efruit.platform.intern
al.NativeLibraryLoader
 in an unnamed module 
(file:/C:/Users/rmaha/
.gradle/wrapper/dists/
gradle-8.12-all/ejduai
dbjup3bmmkhw3rie4zb/gr
adle-8.12/lib/native-p
latform-0.22-milestone
-27.jar)
WARNING: Use --enable-
native-access=ALL-UNNA
MED to avoid a 
warning for callers 
in this module
WARNING: Restricted 
methods will be 
blocked in a future 
release unless native 
access is enabled


FAILURE: Build failed 
with an exception.

* What went wrong:
25.0.1

* Try:
> Run with 
--stacktrace option 
to get the stack 
trace.
> Run with --info or 
--debug option to get 
more log output.
> Run with --scan to 
get full insights.
> Get more help at htt
ps://help.gradle.org.

BUILD FAILED in 612ms
Running Gradle task 'assembleRelease'...                           738ms
Gradle task 
assembleRelease 
failed with exit code 
1
